[dotenv@17.2.3] injecting env (9) from .env.local -- tip: ≡ƒöæ add access controls to secrets: https://dotenvx.com/ops

Running 4 tests using 1 worker

[1A[2K[dotenv@17.2.3] injecting env (0) from .env.local -- tip: ≡ƒöä add secrets lifecycle management: https://dotenvx.com/ops

[1A[2K[1/4] [chromium] ΓÇ║ tests\main-flow.spec.ts:23:7 ΓÇ║ StockWave E2E Main Flow ΓÇ║ Test 1: Public & Auth
[1A[2K  1) [chromium] ΓÇ║ tests\main-flow.spec.ts:23:7 ΓÇ║ StockWave E2E Main Flow ΓÇ║ Test 1: Public & Auth ΓöÇΓöÇΓöÇ

    Error: [2mexpect([22m[31mlocator[39m[2m).[22mtoBeVisible[2m([22m[2m)[22m failed

    Locator: getByText('Summary')
    Expected: visible
    Timeout: 10000ms
    Error: element(s) not found

    Call log:
    [2m  - Expect "toBeVisible" with timeout 10000ms[22m
    [2m  - waiting for getByText('Summary')[22m


      43 |     // Verify redirect to dashboard
      44 |     await expect(page).toHaveURL(/\/dashboard/);
    > 45 |     await expect(page.getByText('Summary')).toBeVisible({ timeout: 10000 }); // Wait for dashboard to load
         |                                             ^
      46 |   });
      47 |
      48 |   test('Test 2: Inventory Cycle & Supplier Pre-requisite', async ({ page }) => {
        at C:\Users\User\OneDrive - University Of Jordan\Desktop\Anas\tests\main-flow.spec.ts:45:45

    attachment #1: screenshot (image/png) ΓöÇΓöÇΓöÇΓöÇΓöÇΓöÇΓöÇΓöÇΓöÇΓöÇΓöÇΓöÇΓöÇΓöÇΓöÇΓöÇΓöÇΓöÇΓöÇΓöÇΓöÇΓöÇΓöÇΓöÇΓöÇΓöÇΓöÇΓöÇΓöÇΓöÇΓöÇΓöÇΓöÇΓöÇΓöÇΓöÇΓöÇΓöÇΓöÇΓöÇΓöÇΓöÇΓöÇΓöÇΓöÇΓöÇΓöÇΓöÇΓöÇΓöÇΓöÇΓöÇΓöÇΓöÇΓöÇΓöÇΓöÇΓöÇ
    test-results\main-flow-StockWave-E2E-Main-Flow-Test-1-Public-Auth-chromium\test-failed-1.png
    ΓöÇΓöÇΓöÇΓöÇΓöÇΓöÇΓöÇΓöÇΓöÇΓöÇΓöÇΓöÇΓöÇΓöÇΓöÇΓöÇΓöÇΓöÇΓöÇΓöÇΓöÇΓöÇΓöÇΓöÇΓöÇΓöÇΓöÇΓöÇΓöÇΓöÇΓöÇΓöÇΓöÇΓöÇΓöÇΓöÇΓöÇΓöÇΓöÇΓöÇΓöÇΓöÇΓöÇΓöÇΓöÇΓöÇΓöÇΓöÇΓöÇΓöÇΓöÇΓöÇΓöÇΓöÇΓöÇΓöÇΓöÇΓöÇΓöÇΓöÇΓöÇΓöÇΓöÇΓöÇΓöÇΓöÇΓöÇΓöÇΓöÇΓöÇΓöÇΓöÇΓöÇΓöÇΓöÇΓöÇΓöÇΓöÇΓöÇΓöÇΓöÇΓöÇΓöÇΓöÇΓöÇΓöÇΓöÇΓöÇΓöÇΓöÇΓöÇΓöÇΓöÇΓöÇΓöÇΓöÇ

    Error Context: test-results\main-flow-StockWave-E2E-Main-Flow-Test-1-Public-Auth-chromium\error-context.md


[1A[2K[2/4] [chromium] ΓÇ║ tests\main-flow.spec.ts:48:7 ΓÇ║ StockWave E2E Main Flow ΓÇ║ Test 2: Inventory Cycle & Supplier Pre-requisite
[1A[2K[3/4] [chromium] ΓÇ║ tests\main-flow.spec.ts:110:7 ΓÇ║ StockWave E2E Main Flow ΓÇ║ Test 3: Dashboard Logic
[1A[2K[4/4] [chromium] ΓÇ║ tests\main-flow.spec.ts:126:7 ΓÇ║ StockWave E2E Main Flow ΓÇ║ Test 4: Supplier Flow
[1A[2K  1 failed
    [chromium] ΓÇ║ tests\main-flow.spec.ts:23:7 ΓÇ║ StockWave E2E Main Flow ΓÇ║ Test 1: Public & Auth ΓöÇΓöÇΓöÇΓöÇ
  3 did not run
